src/App.tsx(3,27): error TS7016: Could not find a declaration file for module './components/QueryProvider'. 'C:/Users/Dell/Desktop/Inventory-Management-System-/frontend/src/components/QueryProvider.jsx' implicitly has an 'any' type.
src/App.tsx(6,1): error TS6133: 'RootLayout' is declared but its value is never read.
src/components/theme-provider.tsx(3,1): error TS6133: 'React' is declared but its value is never read.
src/components/theme-provider.tsx(7,8): error TS2307: Cannot find module 'next-themes' or its corresponding type declarations.
src/layouts/AppLayout.tsx(4,20): error TS7016: Could not find a declaration file for module '@/components/layout/TopBar'. 'C:/Users/Dell/Desktop/Inventory-Management-System-/frontend/src/components/layout/TopBar.jsx' implicitly has an 'any' type.
src/layouts/AppLayout.tsx(5,21): error TS7016: Could not find a declaration file for module '@/components/layout/Sidebar'. 'C:/Users/Dell/Desktop/Inventory-Management-System-/frontend/src/components/layout/Sidebar.jsx' implicitly has an 'any' type.
src/layouts/AppLayout.tsx(6,55): error TS7016: Could not find a declaration file for module '@/utils/auth'. 'C:/Users/Dell/Desktop/Inventory-Management-System-/frontend/src/utils/auth.js' implicitly has an 'any' type.
src/layouts/AppLayout.tsx(7,49): error TS7016: Could not find a declaration file for module '@/config/tabs'. 'C:/Users/Dell/Desktop/Inventory-Management-System-/frontend/src/config/tabs.js' implicitly has an 'any' type.
src/layouts/AppLayout.tsx(8,36): error TS7016: Could not find a declaration file for module '@/context/CurrentUserContext'. 'C:/Users/Dell/Desktop/Inventory-Management-System-/frontend/src/context/CurrentUserContext.jsx' implicitly has an 'any' type.
src/layouts/AppLayout.tsx(17,9): error TS6133: 'pathname' is declared but its value is never read.
src/layouts/AppLayout.tsx(51,22): error TS2339: Property 'role' does not exist on type 'never'.
src/layouts/AppLayout.tsx(52,28): error TS7006: Parameter 'tab' implicitly has an 'any' type.
src/layouts/AppLayout.tsx(61,37): error TS7006: Parameter 't' implicitly has an 'any' type.
src/layouts/AppLayout.tsx(64,24): error TS2339: Property 'role' does not exist on type 'never'.
src/pages/app/addedit/page.tsx(2,28): error TS7016: Could not find a declaration file for module '../../../tabs/AddEditItem'. 'C:/Users/Dell/Desktop/Inventory-Management-System-/frontend/src/tabs/AddEditItem.jsx' implicitly has an 'any' type.
src/pages/app/cashsales/page.tsx(2,26): error TS7016: Could not find a declaration file for module '../../../tabs/CashSales'. 'C:/Users/Dell/Desktop/Inventory-Management-System-/frontend/src/tabs/CashSales.jsx' implicitly has an 'any' type.
src/pages/app/creditpayments/page.tsx(1,28): error TS7016: Could not find a declaration file for module '../../../tabs/CreditPayments'. 'C:/Users/Dell/Desktop/Inventory-Management-System-/frontend/src/tabs/CreditPayments.jsx' implicitly has an 'any' type.
src/pages/app/creditsales/page.tsx(2,28): error TS7016: Could not find a declaration file for module '../../../tabs/CreditSales'. 'C:/Users/Dell/Desktop/Inventory-Management-System-/frontend/src/tabs/CreditSales.jsx' implicitly has an 'any' type.
src/pages/app/customers/page.tsx(2,26): error TS7016: Could not find a declaration file for module '../../../tabs/Customers'. 'C:/Users/Dell/Desktop/Inventory-Management-System-/frontend/src/tabs/Customers.jsx' implicitly has an 'any' type.
src/pages/app/dashboard/page.tsx(2,26): error TS7016: Could not find a declaration file for module '../../../tabs/Dashboard'. 'C:/Users/Dell/Desktop/Inventory-Management-System-/frontend/src/tabs/Dashboard.jsx' implicitly has an 'any' type.
src/pages/app/indebted/page.tsx(2,32): error TS7016: Could not find a declaration file for module '../../../tabs/IndebtedClients'. 'C:/Users/Dell/Desktop/Inventory-Management-System-/frontend/src/tabs/IndebtedClients.jsx' implicitly has an 'any' type.
src/pages/app/inventory/page.tsx(2,26): error TS7016: Could not find a declaration file for module '../../../tabs/Inventory'. 'C:/Users/Dell/Desktop/Inventory-Management-System-/frontend/src/tabs/Inventory.jsx' implicitly has an 'any' type.
src/pages/app/location/page.tsx(2,30): error TS7016: Could not find a declaration file for module '../../../tabs/LocationSettings'. 'C:/Users/Dell/Desktop/Inventory-Management-System-/frontend/src/tabs/LocationSettings.jsx' implicitly has an 'any' type.
src/pages/app/mra-compliance/page.tsx(2,30): error TS7016: Could not find a declaration file for module '../../../tabs/MRACompliance'. 'C:/Users/Dell/Desktop/Inventory-Management-System-/frontend/src/tabs/MRACompliance.jsx' implicitly has an 'any' type.
src/pages/app/payments/page.tsx(1,25): error TS7016: Could not find a declaration file for module '../../../tabs/AllPayments'. 'C:/Users/Dell/Desktop/Inventory-Management-System-/frontend/src/tabs/AllPayments.jsx' implicitly has an 'any' type.
src/pages/app/profile/page.tsx(2,25): error TS7016: Could not find a declaration file for module '../../../tabs/UserProfile'. 'C:/Users/Dell/Desktop/Inventory-Management-System-/frontend/src/tabs/UserProfile.jsx' implicitly has an 'any' type.
src/pages/app/quotations/page.tsx(2,27): error TS7016: Could not find a declaration file for module '../../../tabs/Quotations'. 'C:/Users/Dell/Desktop/Inventory-Management-System-/frontend/src/tabs/Quotations.jsx' implicitly has an 'any' type.
src/pages/app/returns/page.tsx(2,24): error TS7016: Could not find a declaration file for module '../../../tabs/Returns'. 'C:/Users/Dell/Desktop/Inventory-Management-System-/frontend/src/tabs/Returns.jsx' implicitly has an 'any' type.
src/pages/app/settings/page.tsx(2,25): error TS7016: Could not find a declaration file for module '../../../tabs/Settings'. 'C:/Users/Dell/Desktop/Inventory-Management-System-/frontend/src/tabs/Settings.jsx' implicitly has an 'any' type.
src/pages/app/subscription/page.tsx(2,29): error TS7016: Could not find a declaration file for module '../../../tabs/Subscription'. 'C:/Users/Dell/Desktop/Inventory-Management-System-/frontend/src/tabs/Subscription.jsx' implicitly has an 'any' type.
src/pages/app/suppliers/page.tsx(2,26): error TS7016: Could not find a declaration file for module '../../../tabs/Suppliers'. 'C:/Users/Dell/Desktop/Inventory-Management-System-/frontend/src/tabs/Suppliers.jsx' implicitly has an 'any' type.
src/pages/app/todo/page.tsx(2,21): error TS7016: Could not find a declaration file for module '../../../tabs/Todo'. 'C:/Users/Dell/Desktop/Inventory-Management-System-/frontend/src/tabs/Todo.jsx' implicitly has an 'any' type.
src/pages/app/transactions/page.tsx(1,29): error TS7016: Could not find a declaration file for module '../../../tabs/TransactionLogs'. 'C:/Users/Dell/Desktop/Inventory-Management-System-/frontend/src/tabs/TransactionLogs.jsx' implicitly has an 'any' type.
src/pages/public/login/page.tsx(3,25): error TS7016: Could not find a declaration file for module '../../../components/LoginScreen'. 'C:/Users/Dell/Desktop/Inventory-Management-System-/frontend/src/components/LoginScreen.jsx' implicitly has an 'any' type.
src/pages/public/signup/page.tsx(3,26): error TS7016: Could not find a declaration file for module '../../../components/SignupScreen'. 'C:/Users/Dell/Desktop/Inventory-Management-System-/frontend/src/components/SignupScreen.jsx' implicitly has an 'any' type.
